XV6_TEST_OUTPUT Parent Name: sh, Child Name: test_1
