XV6_TEST_OUTPUT Zero buffer length handled correctly.
