wsh> wsh> /
wsh> wsh> /home
wsh> wsh> /home
wsh> wsh> /usr/bin
wsh> wsh> /usr/bin
wsh> 