sb: num inodes [/tmp/taejeong/test-disk1]: found 0 expected 1024
